// Jest Snapshot v1, https://goo.gl/fbAQLP

exports[`RocketsList component renders correctly 1`] = `
<div
  className="main-container"
>
  <h2 />
  <ul />
</div>
`;
