// Jest Snapshot v1, https://goo.gl/fbAQLP

exports[`RocketsList component renders correctly 1`] = `
<div
  className="item-card bg-blue row"
/>
`;
